Disk & Storage Health Report
Host : Thomass-MBP
OS   : Darwin 23.6.0 arm64
Date : Sun Sep 14 16:50:36 +08 2025

==== Filesystems (human-readable) ====
Filesystem        Size    Used   Avail Capacity iused ifree %iused  Mounted on
/dev/disk3s1s1   926Gi    12Gi   145Gi     8%    404k  1.5G    0%   /
devfs            198Ki   198Ki     0Bi   100%     684     0  100%   /dev
/dev/disk3s6     926Gi    10Gi   145Gi     7%      10  1.5G    0%   /System/Volumes/VM
/dev/disk3s2     926Gi    11Gi   145Gi     8%    1.6k  1.5G    0%   /System/Volumes/Preboot
/dev/disk3s4     926Gi   655Mi   145Gi     1%     296  1.5G    0%   /System/Volumes/Update
/dev/disk1s2     500Mi   6.0Mi   480Mi     2%       1  4.9M    0%   /System/Volumes/xarts
/dev/disk1s1     500Mi   6.2Mi   480Mi     2%      35  4.9M    0%   /System/Volumes/iSCPreboot
/dev/disk1s3     500Mi   3.1Mi   480Mi     1%      56  4.9M    0%   /System/Volumes/Hardware
/dev/disk3s5     926Gi   745Gi   145Gi    84%    2.1M  1.5G    0%   /System/Volumes/Data
map auto_home      0Bi     0Bi     0Bi   100%       0     0     -   /System/Volumes/Data/home
/dev/disk2s1     5.0Gi   1.8Gi   3.1Gi    37%      58   33M    0%   /System/Volumes/Update/SFR/mnt1
/dev/disk3s1     926Gi    12Gi   145Gi     8%    404k  1.5G    0%   /System/Volumes/Update/mnt1

==== Mounted Filesystems ====
/dev/disk3s1s1 on / (apfs, sealed, local, read-only, journaled)
devfs on /dev (devfs, local, nobrowse)
/dev/disk3s6 on /System/Volumes/VM (apfs, local, noexec, journaled, noatime, nobrowse)
/dev/disk3s2 on /System/Volumes/Preboot (apfs, local, journaled, nobrowse)
/dev/disk3s4 on /System/Volumes/Update (apfs, local, journaled, nobrowse)
/dev/disk1s2 on /System/Volumes/xarts (apfs, local, noexec, journaled, noatime, nobrowse)
/dev/disk1s1 on /System/Volumes/iSCPreboot (apfs, local, journaled, nobrowse)
/dev/disk1s3 on /System/Volumes/Hardware (apfs, local, journaled, nobrowse)
/dev/disk3s5 on /System/Volumes/Data (apfs, local, journaled, nobrowse, protect, root data)
map auto_home on /System/Volumes/Data/home (autofs, automounted, nobrowse)
/dev/disk2s1 on /System/Volumes/Update/SFR/mnt1 (apfs, local, journaled, nobrowse)
/dev/disk3s1 on /System/Volumes/Update/mnt1 (apfs, sealed, local, journaled, nobrowse)

==== Disk Layout (diskutil list) ====
/dev/disk0 (internal, physical):
   #:                       TYPE NAME                    SIZE       IDENTIFIER
   0:      GUID_partition_scheme                        *1.0 TB     disk0
   1:             Apple_APFS_ISC Container disk1         524.3 MB   disk0s1
   2:                 Apple_APFS Container disk3         994.7 GB   disk0s2
   3:        Apple_APFS_Recovery Container disk2         5.4 GB     disk0s3

/dev/disk3 (synthesized):
   #:                       TYPE NAME                    SIZE       IDENTIFIER
   0:      APFS Container Scheme -                      +994.7 GB   disk3
                                 Physical Store disk0s2
   1:                APFS Volume Macintosh HD            13.2 GB    disk3s1
   2:              APFS Snapshot com.apple.os.update-... 13.2 GB    disk3s1s1
   3:                APFS Volume Preboot                 12.3 GB    disk3s2
   4:                APFS Volume Recovery                1.9 GB     disk3s3
   5:                APFS Volume Data                    799.5 GB   disk3s5
   6:                APFS Volume VM                      10.7 GB    disk3s6


==== Disk Details (diskutil info -all) ====
   Device Identifier:         disk0
   Device Node:               /dev/disk0
   Whole:                     Yes
   Part of Whole:             disk0
   Device / Media Name:       APPLE SSD AP1024R

   Volume Name:               Not applicable (no file system)
   Mounted:                   Not applicable (no file system)
   File System:               None

   Content (IOContent):       GUID_partition_scheme
   OS Can Be Installed:       No
   Media Type:                Generic
   Protocol:                  Apple Fabric
   SMART Status:              Verified

   Disk Size:                 1.0 TB (1000555581440 Bytes) (exactly 1954210120 512-Byte-Units)
   Device Block Size:         4096 Bytes

   Media OS Use Only:         No
   Media Read-Only:           No
   Volume Read-Only:          Not applicable (no file system)

   Device Location:           Internal
   Removable Media:           Fixed

   Solid State:               Yes
   Hardware AES Support:      Yes

**********

   Device Identifier:         disk0s1
   Device Node:               /dev/disk0s1
   Whole:                     No
   Part of Whole:             disk0

   Volume Name:               Not applicable (no file system)
   Mounted:                   Not applicable (no file system)
   File System:               None

   Partition Type:            Apple_APFS_ISC
   OS Can Be Installed:       No
   Media Type:                Generic
   Protocol:                  Apple Fabric
   SMART Status:              Verified
   Disk / Partition UUID:     8C7D7816-DBE3-4C28-BB55-0972DA1A9624
   Partition Offset:          24576 Bytes (6 4096-Byte-Device-Blocks)

   Disk Size:                 524.3 MB (524288000 Bytes) (exactly 1024000 512-Byte-Units)
   Device Block Size:         4096 Bytes

   Media OS Use Only:         No
   Media Read-Only:           No
   Volume Read-Only:          Not applicable (no file system)

   Device Location:           Internal
   Removable Media:           Fixed

   Solid State:               Yes
   Hardware AES Support:      Yes

**********

   Device Identifier:         disk0s2
   Device Node:               /dev/disk0s2
   Whole:                     No
   Part of Whole:             disk0

   Volume Name:               Not applicable (no file system)
   Mounted:                   Not applicable (no file system)
   File System:               None

   Partition Type:            Apple_APFS
   OS Can Be Installed:       No
   Media Type:                Generic
   Protocol:                  Apple Fabric
   SMART Status:              Verified
   Disk / Partition UUID:     029613E5-6D72-4102-8E1E-BBF567288A08
   Partition Offset:          524312576 Bytes (128006 4096-Byte-Device-Blocks)

   Disk Size:                 994.7 GB (994662584320 Bytes) (exactly 1942700360 512-Byte-Units)
   Device Block Size:         4096 Bytes

   Media OS Use Only:         No
   Media Read-Only:           No
   Volume Read-Only:          Not applicable (no file system)

   Device Location:           Internal
   Removable Media:           Fixed

   Solid State:               Yes
   Hardware AES Support:      Yes

   This disk is an APFS Physical Store.  APFS Information:
   APFS Container:            disk3
   Fusion Drive:              No

**********

   Device Identifier:         disk0s3
   Device Node:               /dev/disk0s3
   Whole:                     No
   Part of Whole:             disk0

   Volume Name:               Not applicable (no file system)
   Mounted:                   Not applicable (no file system)
   File System:               None

   Partition Type:            Apple_APFS_Recovery
   OS Can Be Installed:       No
   Media Type:                Generic
   Protocol:                  Apple Fabric
   SMART Status:              Verified
   Disk / Partition UUID:     EDCB5D5B-B387-4E3C-8945-952C138B2177
   Partition Offset:          995186896896 Bytes (242965551 4096-Byte-Device-Blocks)

   Disk Size:                 5.4 GB (5368664064 Bytes) (exactly 10485672 512-Byte-Units)
   Device Block Size:         4096 Bytes

   Media OS Use Only:         No
   Media Read-Only:           No
   Volume Read-Only:          Not applicable (no file system)

   Device Location:           Internal
   Removable Media:           Fixed

   Solid State:               Yes
   Hardware AES Support:      Yes

**********

   Device Identifier:         disk1
   Device Node:               /dev/disk1
   Whole:                     Yes
   Part of Whole:             disk1
   Device / Media Name:       APPLE SSD AP1024R

   Volume Name:               Not applicable (no file system)
   Mounted:                   Not applicable (no file system)
   File System:               None

   Content (IOContent):       EF57347C-0000-11AA-AA11-00306543ECAC
   OS Can Be Installed:       No
   Media Type:                Generic
   Protocol:                  Apple Fabric
   SMART Status:              Verified
   Disk / Partition UUID:     A9EA8CF2-74D3-4F9A-899B-1F68BC5EE78B

   Disk Size:                 524.3 MB (524288000 Bytes) (exactly 1024000 512-Byte-Units)
   Device Block Size:         4096 Bytes

   Media OS Use Only:         Yes
   Media Read-Only:           No
   Volume Read-Only:          Not applicable (no file system)

   Device Location:           Internal
   Removable Media:           Fixed

   Solid State:               Yes
   Virtual:                   Yes
   Hardware AES Support:      Yes

   This disk is an APFS Container.  APFS Information:
   APFS Physical Store:       disk0s1
   Fusion Drive:              No

**********

   Device Identifier:         disk1s1
   Device Node:               /dev/disk1s1
   Whole:                     No
   Part of Whole:             disk1

   Volume Name:               iSCPreboot
   Mounted:                   Yes
   Mount Point:               /System/Volumes/iSCPreboot

   Partition Type:            41504653-0000-11AA-AA11-00306543ECAC
   File System Personality:   APFS
   Type (Bundle):             apfs
   Name (User Visible):       APFS
   Owners:                    Enabled

   OS Can Be Installed:       No
   Booter Disk:               disk1s1
   Recovery Disk:             disk1s4
   Media Type:                Generic
   Protocol:                  Apple Fabric
   SMART Status:              Verified
   Volume UUID:               72D9DC19-4E79-491A-8AE0-4EEC3DC81B9C
   Disk / Partition UUID:     72D9DC19-4E79-491A-8AE0-4EEC3DC81B9C

   Disk Size:                 524.3 MB (524288000 Bytes) (exactly 1024000 512-Byte-Units)
   Device Block Size:         4096 Bytes

   Volume Used Space:         6.5 MB (6475776 Bytes) (exactly 12648 512-Byte-Units)
   Container Total Space:     524.3 MB (524288000 Bytes) (exactly 1024000 512-Byte-Units)
   Container Free Space:      503.2 MB (503230464 Bytes) (exactly 982872 512-Byte-Units)
   Allocation Block Size:     4096 Bytes

...(truncated â€” run 'diskutil info -all' to see everything)

==== NVMe Details (system_profiler) ====
NVMExpress:

    Apple SSD Controller:

        APPLE SSD AP1024R:

          Capacity: 1 TB (1,000,555,581,440 bytes)
          TRIM Support: Yes
          Model: APPLE SSD AP1024R
          Revision: 373.140.
          Serial Number: 0ba01633a448442c
          Detachable Drive: No
          BSD Name: disk0
          Partition Map Type: GPT (GUID Partition Table)
          Removable Media: No
          S.M.A.R.T. status: Verified
          Volumes:
            iSCPreboot:
              Capacity: 524.3 MB (524,288,000 bytes)
              BSD Name: disk0s1
              Content: Apple_APFS_ISC
            Macintosh HD:
              Capacity: 994.66 GB (994,662,584,320 bytes)
              BSD Name: disk0s2
              Content: Apple_APFS
            Recovery:
              Capacity: 5.37 GB (5,368,664,064 bytes)
              BSD Name: disk0s3
              Content: Apple_APFS_Recovery


Disk & storage health check complete.
